// Jest Snapshot v1, https://goo.gl/fbAQLP

exports[`The Downvote component should mount without crashing 1`] = `
ReactWrapper {
  "length": 1,
  Symbol(enzyme.__unrendered__): <Downvotes
    downvotes={1}
    recipeId={1}
    toggleVote={[MockFunction]}
  />,
  Symbol(enzyme.__renderer__): Object {
    "batchedUpdates": [Function],
    "getNode": [Function],
    "render": [Function],
    "simulateEvent": [Function],
    "unmount": [Function],
  },
  Symbol(enzyme.__root__): [Circular],
  Symbol(enzyme.__node__): Object {
    "instance": null,
    "key": undefined,
    "nodeType": "function",
    "props": Object {
      "downvotes": 1,
      "recipeId": 1,
      "toggleVote": [MockFunction],
    },
    "ref": null,
    "rendered": Array [
      Object {
        "instance": <i
          aria-hidden="true"
          class="fa fa-thumbs-down text-danger click-add"
          id="downvote-button"
        />,
        "key": undefined,
        "nodeType": "host",
        "props": Object {
          "aria-hidden": "true",
          "className": "fa fa-thumbs-down text-danger click-add",
          "id": "downvote-button",
          "onClick": [Function],
        },
        "ref": null,
        "rendered": Array [
          undefined,
        ],
        "type": "i",
      },
      Object {
        "instance": <span
          class="downvote"
        >
          1
        </span>,
        "key": undefined,
        "nodeType": "host",
        "props": Object {
          "children": 1,
          "className": "downvote",
        },
        "ref": null,
        "rendered": Array [
          1,
        ],
        "type": "span",
      },
      " ",
    ],
    "type": [Function],
  },
  Symbol(enzyme.__nodes__): Array [
    Object {
      "instance": null,
      "key": undefined,
      "nodeType": "function",
      "props": Object {
        "downvotes": 1,
        "recipeId": 1,
        "toggleVote": [MockFunction],
      },
      "ref": null,
      "rendered": Array [
        Object {
          "instance": <i
            aria-hidden="true"
            class="fa fa-thumbs-down text-danger click-add"
            id="downvote-button"
          />,
          "key": undefined,
          "nodeType": "host",
          "props": Object {
            "aria-hidden": "true",
            "className": "fa fa-thumbs-down text-danger click-add",
            "id": "downvote-button",
            "onClick": [Function],
          },
          "ref": null,
          "rendered": Array [
            undefined,
          ],
          "type": "i",
        },
        Object {
          "instance": <span
            class="downvote"
          >
            1
          </span>,
          "key": undefined,
          "nodeType": "host",
          "props": Object {
            "children": 1,
            "className": "downvote",
          },
          "ref": null,
          "rendered": Array [
            1,
          ],
          "type": "span",
        },
        " ",
      ],
      "type": [Function],
    },
  ],
  Symbol(enzyme.__options__): Object {
    "adapter": ReactSixteenAdapter {
      "options": Object {
        "enableComponentDidUpdateOnSetState": true,
      },
    },
  },
}
`;
