// Jest Snapshot v1, https://goo.gl/fbAQLP

exports[`The Upvote component should mount without crashing 1`] = `
ReactWrapper {
  "length": 1,
  Symbol(enzyme.__unrendered__): <Upvotes
    recipeId={1}
    toggleVote={[MockFunction]}
    upvotes={1}
  />,
  Symbol(enzyme.__renderer__): Object {
    "batchedUpdates": [Function],
    "getNode": [Function],
    "render": [Function],
    "simulateEvent": [Function],
    "unmount": [Function],
  },
  Symbol(enzyme.__root__): [Circular],
  Symbol(enzyme.__node__): Object {
    "instance": null,
    "key": undefined,
    "nodeType": "function",
    "props": Object {
      "recipeId": 1,
      "toggleVote": [MockFunction],
      "upvotes": 1,
    },
    "ref": null,
    "rendered": Array [
      Object {
        "instance": <i
          aria-hidden="true"
          class="fa fa-thumbs-up text-info click-add"
        />,
        "key": undefined,
        "nodeType": "host",
        "props": Object {
          "aria-hidden": "true",
          "className": "fa fa-thumbs-up text-info click-add",
          "onClick": [Function],
        },
        "ref": null,
        "rendered": Array [
          undefined,
        ],
        "type": "i",
      },
      "1",
      " ",
    ],
    "type": [Function],
  },
  Symbol(enzyme.__nodes__): Array [
    Object {
      "instance": null,
      "key": undefined,
      "nodeType": "function",
      "props": Object {
        "recipeId": 1,
        "toggleVote": [MockFunction],
        "upvotes": 1,
      },
      "ref": null,
      "rendered": Array [
        Object {
          "instance": <i
            aria-hidden="true"
            class="fa fa-thumbs-up text-info click-add"
          />,
          "key": undefined,
          "nodeType": "host",
          "props": Object {
            "aria-hidden": "true",
            "className": "fa fa-thumbs-up text-info click-add",
            "onClick": [Function],
          },
          "ref": null,
          "rendered": Array [
            undefined,
          ],
          "type": "i",
        },
        "1",
        " ",
      ],
      "type": [Function],
    },
  ],
  Symbol(enzyme.__options__): Object {
    "adapter": ReactSixteenAdapter {
      "options": Object {
        "enableComponentDidUpdateOnSetState": true,
      },
    },
  },
}
`;
